// Vitest Snapshot v1, https://vitest.dev/guide/snapshot.html

exports[`Test Templates component > Templates component match snapshot 1`] = `
{
  "asFragment": [Function],
  "baseElement": <body>
    <div>
      <section
        class="grow flex items-stretch flex-col space-y-6 h-full"
      >
        <div
          class="flex flex-row justify-between items-center gap-2"
        >
          <h1
            class="lg:text-4xl md:text-2xl text-xl font-semibold leading-tight text-slate-700"
          >
            Templates
          </h1>
          <button
            aria-controls="radix-:r3:"
            aria-expanded="false"
            aria-haspopup="dialog"
            class="inline-flex items-center justify-center whitespace-nowrap rounded-md text-sm font-medium ring-offset-white transition-colors focus-visible:outline-none focus-visible:ring-2 focus-visible:ring-zinc-950 focus-visible:ring-offset-2 disabled:pointer-events-none disabled:opacity-50 dark:ring-offset-zinc-950 dark:focus-visible:ring-zinc-300 bg-zinc-900 text-zinc-50 hover:bg-zinc-900/90 dark:bg-zinc-50 dark:text-zinc-900 dark:hover:bg-zinc-50/90 h-10 px-4 py-2"
            data-state="closed"
            type="button"
          >
            <svg
              class="lucide lucide-circle-plus w-4 h-4"
              fill="none"
              height="24"
              stroke="currentColor"
              stroke-linecap="round"
              stroke-linejoin="round"
              stroke-width="2"
              viewBox="0 0 24 24"
              width="24"
              xmlns="http://www.w3.org/2000/svg"
            >
              <circle
                cx="12"
                cy="12"
                r="10"
              />
              <path
                d="M8 12h8"
              />
              <path
                d="M12 8v8"
              />
            </svg>
          </button>
        </div>
        <section
          class="grow flex items-stretch flex-col space-y-6 h-full"
        >
          <div
            class="flex flex-col gap-2"
          >
            <div
              class="animate-pulse dark:bg-zinc-800 h-[400px] p-4 flex flex-col gap-3 border rounded-md bg-blue-100 border-blue-300"
            />
            <div
              class="animate-pulse dark:bg-zinc-800 h-[400px] p-4 flex flex-col gap-3 border rounded-md bg-blue-100 border-blue-300"
            />
            <div
              class="animate-pulse dark:bg-zinc-800 h-[400px] p-4 flex flex-col gap-3 border rounded-md bg-blue-100 border-blue-300"
            />
            <div
              class="animate-pulse dark:bg-zinc-800 h-[400px] p-4 flex flex-col gap-3 border rounded-md bg-blue-100 border-blue-300"
            />
            <div
              class="animate-pulse dark:bg-zinc-800 h-[400px] p-4 flex flex-col gap-3 border rounded-md bg-blue-100 border-blue-300"
            />
            <div
              class="animate-pulse dark:bg-zinc-800 h-[400px] p-4 flex flex-col gap-3 border rounded-md bg-blue-100 border-blue-300"
            />
            <div
              class="animate-pulse dark:bg-zinc-800 h-[400px] p-4 flex flex-col gap-3 border rounded-md bg-blue-100 border-blue-300"
            />
            <div
              class="animate-pulse dark:bg-zinc-800 h-[400px] p-4 flex flex-col gap-3 border rounded-md bg-blue-100 border-blue-300"
            />
            <div
              class="animate-pulse dark:bg-zinc-800 h-[400px] p-4 flex flex-col gap-3 border rounded-md bg-blue-100 border-blue-300"
            />
            <div
              class="animate-pulse dark:bg-zinc-800 h-[400px] p-4 flex flex-col gap-3 border rounded-md bg-blue-100 border-blue-300"
            />
          </div>
        </section>
      </section>
    </div>
  </body>,
  "container": <div>
    <section
      class="grow flex items-stretch flex-col space-y-6 h-full"
    >
      <div
        class="flex flex-row justify-between items-center gap-2"
      >
        <h1
          class="lg:text-4xl md:text-2xl text-xl font-semibold leading-tight text-slate-700"
        >
          Templates
        </h1>
        <button
          aria-controls="radix-:r3:"
          aria-expanded="false"
          aria-haspopup="dialog"
          class="inline-flex items-center justify-center whitespace-nowrap rounded-md text-sm font-medium ring-offset-white transition-colors focus-visible:outline-none focus-visible:ring-2 focus-visible:ring-zinc-950 focus-visible:ring-offset-2 disabled:pointer-events-none disabled:opacity-50 dark:ring-offset-zinc-950 dark:focus-visible:ring-zinc-300 bg-zinc-900 text-zinc-50 hover:bg-zinc-900/90 dark:bg-zinc-50 dark:text-zinc-900 dark:hover:bg-zinc-50/90 h-10 px-4 py-2"
          data-state="closed"
          type="button"
        >
          <svg
            class="lucide lucide-circle-plus w-4 h-4"
            fill="none"
            height="24"
            stroke="currentColor"
            stroke-linecap="round"
            stroke-linejoin="round"
            stroke-width="2"
            viewBox="0 0 24 24"
            width="24"
            xmlns="http://www.w3.org/2000/svg"
          >
            <circle
              cx="12"
              cy="12"
              r="10"
            />
            <path
              d="M8 12h8"
            />
            <path
              d="M12 8v8"
            />
          </svg>
        </button>
      </div>
      <section
        class="grow flex items-stretch flex-col space-y-6 h-full"
      >
        <div
          class="flex flex-col gap-2"
        >
          <div
            class="animate-pulse dark:bg-zinc-800 h-[400px] p-4 flex flex-col gap-3 border rounded-md bg-blue-100 border-blue-300"
          />
          <div
            class="animate-pulse dark:bg-zinc-800 h-[400px] p-4 flex flex-col gap-3 border rounded-md bg-blue-100 border-blue-300"
          />
          <div
            class="animate-pulse dark:bg-zinc-800 h-[400px] p-4 flex flex-col gap-3 border rounded-md bg-blue-100 border-blue-300"
          />
          <div
            class="animate-pulse dark:bg-zinc-800 h-[400px] p-4 flex flex-col gap-3 border rounded-md bg-blue-100 border-blue-300"
          />
          <div
            class="animate-pulse dark:bg-zinc-800 h-[400px] p-4 flex flex-col gap-3 border rounded-md bg-blue-100 border-blue-300"
          />
          <div
            class="animate-pulse dark:bg-zinc-800 h-[400px] p-4 flex flex-col gap-3 border rounded-md bg-blue-100 border-blue-300"
          />
          <div
            class="animate-pulse dark:bg-zinc-800 h-[400px] p-4 flex flex-col gap-3 border rounded-md bg-blue-100 border-blue-300"
          />
          <div
            class="animate-pulse dark:bg-zinc-800 h-[400px] p-4 flex flex-col gap-3 border rounded-md bg-blue-100 border-blue-300"
          />
          <div
            class="animate-pulse dark:bg-zinc-800 h-[400px] p-4 flex flex-col gap-3 border rounded-md bg-blue-100 border-blue-300"
          />
          <div
            class="animate-pulse dark:bg-zinc-800 h-[400px] p-4 flex flex-col gap-3 border rounded-md bg-blue-100 border-blue-300"
          />
        </div>
      </section>
    </section>
  </div>,
  "debug": [Function],
  "findAllByAltText": [Function],
  "findAllByDisplayValue": [Function],
  "findAllByLabelText": [Function],
  "findAllByPlaceholderText": [Function],
  "findAllByRole": [Function],
  "findAllByTestId": [Function],
  "findAllByText": [Function],
  "findAllByTitle": [Function],
  "findByAltText": [Function],
  "findByDisplayValue": [Function],
  "findByLabelText": [Function],
  "findByPlaceholderText": [Function],
  "findByRole": [Function],
  "findByTestId": [Function],
  "findByText": [Function],
  "findByTitle": [Function],
  "getAllByAltText": [Function],
  "getAllByDisplayValue": [Function],
  "getAllByLabelText": [Function],
  "getAllByPlaceholderText": [Function],
  "getAllByRole": [Function],
  "getAllByTestId": [Function],
  "getAllByText": [Function],
  "getAllByTitle": [Function],
  "getByAltText": [Function],
  "getByDisplayValue": [Function],
  "getByLabelText": [Function],
  "getByPlaceholderText": [Function],
  "getByRole": [Function],
  "getByTestId": [Function],
  "getByText": [Function],
  "getByTitle": [Function],
  "queryAllByAltText": [Function],
  "queryAllByDisplayValue": [Function],
  "queryAllByLabelText": [Function],
  "queryAllByPlaceholderText": [Function],
  "queryAllByRole": [Function],
  "queryAllByTestId": [Function],
  "queryAllByText": [Function],
  "queryAllByTitle": [Function],
  "queryByAltText": [Function],
  "queryByDisplayValue": [Function],
  "queryByLabelText": [Function],
  "queryByPlaceholderText": [Function],
  "queryByRole": [Function],
  "queryByTestId": [Function],
  "queryByText": [Function],
  "queryByTitle": [Function],
  "rerender": [Function],
  "unmount": [Function],
}
`;
